// Jest Snapshot v1, https://goo.gl/fbAQLP

exports[`container matches a snapshot 1`] = `"ðŸ˜€"`;
